LIBRADOS_PRIVATE {
	local:	*;
};

LIBRADOS_14.2.0 {
        global:
                extern "C++" {
			ceph::buffer::v14_2_0::*;
			librados::v14_2_0::*;

                        "typeinfo for librados::v14_2_0::ObjectOperation";
                        "typeinfo name for librados::v14_2_0::ObjectOperation";
                        "vtable for librados::v14_2_0::ObjectOperation";

                        "typeinfo for librados::v14_2_0::ObjectReadOperation";
                        "typeinfo name for librados::v14_2_0::ObjectReadOperation";
                        "vtable for librados::v14_2_0::ObjectReadOperation";

                        "typeinfo for librados::v14_2_0::ObjectWriteOperation";
                        "typeinfo name for librados::v14_2_0::ObjectWriteOperation";
                        "vtable for librados::v14_2_0::ObjectWriteOperation";

                        "typeinfo for librados::v14_2_0::WatchCtx";
                        "typeinfo name for librados::v14_2_0::WatchCtx";
                        "vtable for librados::v14_2_0::WatchCtx";

                        "typeinfo for librados::v14_2_0::WatchCtx2";
                        "typeinfo name for librados::v14_2_0::WatchCtx2";
                        "vtable for librados::v14_2_0::WatchCtx2";
                };
} LIBRADOS_PRIVATE;
